#0 building with "default" instance using docker driver

#1 [internal] load build definition from Dockerfile
#1 transferring dockerfile: 136B done
#1 DONE 0.0s

#2 resolve image config for docker-image://docker.io/docker/dockerfile:1
#2 DONE 0.9s

#3 docker-image://docker.io/docker/dockerfile:1@sha256:ecfaec9ed6d810b56388c508f4121597bfbba70d41a6dfeee4d8cad5f295fc32
#3 resolve docker.io/docker/dockerfile:1@sha256:ecfaec9ed6d810b56388c508f4121597bfbba70d41a6dfeee4d8cad5f295fc32 0.0s done
#3 CACHED

#4 [internal] load metadata for docker.io/library/alpine:3.22
#4 DONE 0.5s

#5 [internal] load .dockerignore
#5 transferring context: 76B done
#5 DONE 0.0s

#6 [internal] load build context
#6 transferring context: 174B done
#6 DONE 0.0s

#7 [1/3] FROM docker.io/library/alpine:3.22@sha256:14358309a308569c32bdc37e2e0e9694be33a9d99e68afb0f5ff33cc1f695dce
#7 resolve docker.io/library/alpine:3.22@sha256:14358309a308569c32bdc37e2e0e9694be33a9d99e68afb0f5ff33cc1f695dce 0.0s done
#7 DONE 0.0s

#8 [2/3] WORKDIR /app
#8 CACHED

#9 [3/3] COPY . .
#9 DONE 0.0s

#10 exporting to image
#10 exporting layers 0.1s done
#10 exporting manifest sha256:13736280b0f7f4b2fe7a0afc15a29297d3c29bedd8e93aba7a7bb8c5891405ae 0.0s done
#10 exporting config sha256:420daedf53a9c3d1428ab7e00506dee97fb5a61924f440481c41a4046dde239f 0.0s done
#10 exporting attestation manifest sha256:474bb2332285b9c0e86ceb16809275e2825c7a5028f23d3507229a64f5600281 0.0s done
#10 exporting manifest list sha256:5be516ed86954e3d5e165bc6effef981db8ec3ef5d537c3e293c69daf990a631 0.0s done
#10 naming to docker.io/library/context-lab:after
#10 naming to docker.io/library/context-lab:after done
#10 unpacking to docker.io/library/context-lab:after 0.0s done
#10 DONE 0.3s
