#0 building with "default" instance using docker driver

#1 [internal] load build definition from Dockerfile
#1 transferring dockerfile: 136B done
#1 DONE 0.0s

#2 resolve image config for docker-image://docker.io/docker/dockerfile:1
#2 DONE 0.4s

#3 docker-image://docker.io/docker/dockerfile:1@sha256:ecfaec9ed6d810b56388c508f4121597bfbba70d41a6dfeee4d8cad5f295fc32
#3 resolve docker.io/docker/dockerfile:1@sha256:ecfaec9ed6d810b56388c508f4121597bfbba70d41a6dfeee4d8cad5f295fc32 0.0s done
#3 CACHED

#4 [internal] load metadata for docker.io/library/alpine:3.22
#4 DONE 0.2s

#5 [internal] load .dockerignore
#5 transferring context: 34B done
#5 DONE 0.0s

#6 [internal] load build context
#6 transferring context: 2.10MB done
#6 DONE 0.0s

#7 [1/3] FROM docker.io/library/alpine:3.22@sha256:14358309a308569c32bdc37e2e0e9694be33a9d99e68afb0f5ff33cc1f695dce
#7 resolve docker.io/library/alpine:3.22@sha256:14358309a308569c32bdc37e2e0e9694be33a9d99e68afb0f5ff33cc1f695dce 0.0s done
#7 DONE 0.0s

#8 [2/3] WORKDIR /app
#8 CACHED

#9 [3/3] COPY . .
#9 DONE 0.0s

#10 exporting to image
#10 exporting layers 0.1s done
#10 exporting manifest sha256:2bcf19c511166a13108aa080b57e1436e9abe3118aac05d6a5577838ce3873ee 0.0s done
#10 exporting config sha256:7ef5039f7c02dc222f82f63247cdc0068ece22c073f50b180a3ffcfbeeb6ec3f 0.0s done
#10 exporting attestation manifest sha256:2c391474fece8f60a9f83e5bb5c48746f8d2b8552564a015832e04af15e9ec57 0.0s done
#10 exporting manifest list sha256:d318a21c5ba30847d3cc793179e2bc727985ca6873deac18c34d0e1f8f86971b 0.0s done
#10 naming to docker.io/library/context-lab:before
#10 naming to docker.io/library/context-lab:before done
#10 unpacking to docker.io/library/context-lab:before 0.0s done
#10 DONE 0.3s
