#0 building with "default" instance using docker driver

#1 [internal] load build definition from Dockerfile.cached
#1 transferring dockerfile: 723B done
#1 DONE 0.0s

#2 resolve image config for docker-image://docker.io/docker/dockerfile:1
#2 DONE 1.8s

#3 docker-image://docker.io/docker/dockerfile:1@sha256:ecfaec9ed6d810b56388c508f4121597bfbba70d41a6dfeee4d8cad5f295fc32
#3 resolve docker.io/docker/dockerfile:1@sha256:ecfaec9ed6d810b56388c508f4121597bfbba70d41a6dfeee4d8cad5f295fc32 0.0s done
#3 sha256:9f624ef51ad55db0ea52d755cc777566386156106fbb4f465eecb22c67ac55ed 0B / 14.14MB 0.2s
#3 sha256:9f624ef51ad55db0ea52d755cc777566386156106fbb4f465eecb22c67ac55ed 1.05MB / 14.14MB 0.8s
#3 sha256:9f624ef51ad55db0ea52d755cc777566386156106fbb4f465eecb22c67ac55ed 2.10MB / 14.14MB 1.1s
#3 sha256:9f624ef51ad55db0ea52d755cc777566386156106fbb4f465eecb22c67ac55ed 3.15MB / 14.14MB 1.2s
#3 sha256:9f624ef51ad55db0ea52d755cc777566386156106fbb4f465eecb22c67ac55ed 4.19MB / 14.14MB 1.5s
#3 sha256:9f624ef51ad55db0ea52d755cc777566386156106fbb4f465eecb22c67ac55ed 5.24MB / 14.14MB 1.7s
#3 sha256:9f624ef51ad55db0ea52d755cc777566386156106fbb4f465eecb22c67ac55ed 6.29MB / 14.14MB 1.8s
#3 sha256:9f624ef51ad55db0ea52d755cc777566386156106fbb4f465eecb22c67ac55ed 7.34MB / 14.14MB 2.0s
#3 sha256:9f624ef51ad55db0ea52d755cc777566386156106fbb4f465eecb22c67ac55ed 8.39MB / 14.14MB 2.1s
#3 sha256:9f624ef51ad55db0ea52d755cc777566386156106fbb4f465eecb22c67ac55ed 9.44MB / 14.14MB 2.3s
#3 sha256:9f624ef51ad55db0ea52d755cc777566386156106fbb4f465eecb22c67ac55ed 10.49MB / 14.14MB 2.4s
#3 sha256:9f624ef51ad55db0ea52d755cc777566386156106fbb4f465eecb22c67ac55ed 12.58MB / 14.14MB 2.6s
#3 sha256:9f624ef51ad55db0ea52d755cc777566386156106fbb4f465eecb22c67ac55ed 13.63MB / 14.14MB 2.7s
#3 sha256:9f624ef51ad55db0ea52d755cc777566386156106fbb4f465eecb22c67ac55ed 14.14MB / 14.14MB 2.7s done
#3 extracting sha256:9f624ef51ad55db0ea52d755cc777566386156106fbb4f465eecb22c67ac55ed 0.1s done
#3 DONE 2.9s

#4 [internal] load metadata for docker.io/library/node:22-bookworm-slim
#4 DONE 0.6s

#5 [internal] load .dockerignore
#5 transferring context: 106B done
#5 DONE 0.0s

#6 [1/7] FROM docker.io/library/node:22-bookworm-slim@sha256:e9bff3a454208b46a1f96da92878cc7f56a2a41ceac2216825be3177736896b5
#6 resolve docker.io/library/node:22-bookworm-slim@sha256:e9bff3a454208b46a1f96da92878cc7f56a2a41ceac2216825be3177736896b5 0.0s done
#6 DONE 0.0s

#7 [internal] load build context
#7 transferring context: 2.19kB done
#7 DONE 0.1s

#8 [3/7] COPY package.json package-lock.json ./
#8 CACHED

#9 [2/7] WORKDIR /app
#9 CACHED

#10 [4/7] COPY packages/message-format ./packages/message-format
#10 CACHED

#11 [5/7] RUN npm ci --omit=dev && node -e "setTimeout(() => {}, 3000)"
#11 0.901 
#11 0.901 added 1 package, and audited 3 packages in 675ms
#11 0.902 
#11 0.902 found 0 vulnerabilities
#11 DONE 4.2s

#12 [6/7] COPY src ./src
#12 DONE 0.1s

#13 [7/7] COPY test ./test
#13 DONE 0.1s

#14 exporting to image
#14 exporting layers
#14 exporting layers 0.4s done
#14 exporting manifest sha256:aaab3642728a67a2280127d2e1038378f4cc83e581e9d358340fb57878269175 0.0s done
#14 exporting config sha256:af47c964e5d1435485966557a2f96713e587c7b4777e1a28ffa2482bca1abe56 0.0s done
#14 exporting attestation manifest sha256:97b2cf675813574f76dacb365ca60fa59977e265aeed26ae00ad7ce52a5dd197 0.0s done
#14 exporting manifest list sha256:1975ce3f0692792debdd7f45846cc12abc8b58748f79ea04041905b6c66ba460 0.0s done
#14 naming to docker.io/library/cache-lab:cached
#14 naming to docker.io/library/cache-lab:cached done
#14 unpacking to docker.io/library/cache-lab:cached 0.1s done
#14 DONE 0.7s
